CONFLICT (content): Merge conflict in arch/arm64/include/asm/assembler.h
CONFLICT (content): Merge conflict in arch/arm64/include/asm/cpufeature.h
CONFLICT (content): Merge conflict in arch/arm64/include/asm/fixmap.h
CONFLICT (content): Merge conflict in arch/arm64/include/asm/kvm_mmu.h
CONFLICT (content): Merge conflict in arch/arm64/include/asm/mmu.h
CONFLICT (content): Merge conflict in arch/arm64/kernel/cpu_errata.c
CONFLICT (content): Merge conflict in arch/arm64/kernel/cpufeature.c
CONFLICT (content): Merge conflict in arch/arm64/kernel/cpuinfo.c
CONFLICT (content): Merge conflict in arch/arm64/kernel/entry.S
CONFLICT (content): Merge conflict in arch/arm64/kvm/hyp/hyp-entry.S
CONFLICT (content): Merge conflict in arch/arm64/kvm/hyp/switch.c
CONFLICT (content): Merge conflict in arch/arm64/mm/mmu.c
CONFLICT (content): Merge conflict in drivers/bluetooth/bluetooth-power.c
CONFLICT (content): Merge conflict in drivers/char/adsprpc.c
CONFLICT (content): Merge conflict in drivers/char/diag/diag_dci.c
CONFLICT (content): Merge conflict in drivers/char/diag/diagmem.c
CONFLICT (content): Merge conflict in drivers/clk/qcom/clk-debug.c
CONFLICT (content): Merge conflict in drivers/dma-buf/dma-buf.c
CONFLICT (content): Merge conflict in drivers/gpu/msm/adreno.c
CONFLICT (content): Merge conflict in drivers/gpu/msm/adreno.h
CONFLICT (content): Merge conflict in drivers/gpu/msm/adreno_a6xx_preempt.c
CONFLICT (content): Merge conflict in drivers/gpu/msm/adreno_a6xx_snapshot.c
CONFLICT (content): Merge conflict in drivers/gpu/msm/adreno_ioctl.c
CONFLICT (content): Merge conflict in drivers/gpu/msm/adreno_iommu.c
CONFLICT (content): Merge conflict in drivers/gpu/msm/kgsl.c
CONFLICT (content): Merge conflict in drivers/gpu/msm/kgsl_debugfs.c
CONFLICT (content): Merge conflict in drivers/gpu/msm/kgsl_iommu.c
CONFLICT (content): Merge conflict in drivers/gpu/msm/kgsl_mmu.c
CONFLICT (content): Merge conflict in drivers/gpu/msm/kgsl_pool.c
CONFLICT (content): Merge conflict in drivers/gpu/msm/kgsl_pwrctrl.c
CONFLICT (content): Merge conflict in drivers/gpu/msm/kgsl_pwrctrl.h
CONFLICT (content): Merge conflict in drivers/gpu/msm/kgsl_pwrscale.c
CONFLICT (content): Merge conflict in drivers/gpu/msm/kgsl_reclaim.c
CONFLICT (content): Merge conflict in drivers/gpu/msm/kgsl_sharedmem.c
CONFLICT (content): Merge conflict in drivers/gpu/msm/kgsl_trace.h
CONFLICT (content): Merge conflict in drivers/hid/Kconfig
CONFLICT (content): Merge conflict in drivers/hid/hid-ids.h
CONFLICT (content): Merge conflict in drivers/hid/hid-quirks.c
CONFLICT (content): Merge conflict in drivers/input/misc/qpnp-power-on.c
CONFLICT (content): Merge conflict in drivers/leds/Kconfig
CONFLICT (content): Merge conflict in drivers/leds/Makefile
CONFLICT (content): Merge conflict in drivers/md/dm-verity-target.c
CONFLICT (content): Merge conflict in drivers/media/platform/msm/npu/npu_mgr.c
CONFLICT (content): Merge conflict in drivers/media/platform/msm/synx/synx_debugfs.c
CONFLICT (content): Merge conflict in drivers/misc/qseecom.c
CONFLICT (content): Merge conflict in drivers/mmc/core/block.c
CONFLICT (content): Merge conflict in drivers/mmc/host/cqhci.c
CONFLICT (content): Merge conflict in drivers/net/wireless/ath/wil6210/wil6210.h
CONFLICT (content): Merge conflict in drivers/platform/msm/ipa/ipa_common_i.h
CONFLICT (content): Merge conflict in drivers/platform/msm/ipa/ipa_v3/ipa_debugfs.c
CONFLICT (content): Merge conflict in drivers/platform/msm/ipa/ipa_v3/ipa_qmi_service.c
CONFLICT (content): Merge conflict in drivers/platform/msm/qcom-geni-se.c
CONFLICT (content): Merge conflict in drivers/platform/msm/usb_bam.c
CONFLICT (content): Merge conflict in drivers/scsi/ufs/ufs-qcom.h
CONFLICT (content): Merge conflict in drivers/scsi/ufs/ufshcd.c
CONFLICT (content): Merge conflict in drivers/soc/qcom/icnss.c
CONFLICT (content): Merge conflict in drivers/soc/qcom/icnss2/main.c
CONFLICT (content): Merge conflict in drivers/soc/qcom/icnss2/main.h
CONFLICT (content): Merge conflict in drivers/soc/qcom/icnss2/qmi.c
CONFLICT (content): Merge conflict in drivers/soc/qcom/icnss_private.h
CONFLICT (content): Merge conflict in drivers/soc/qcom/smcinvoke.c
CONFLICT (content): Merge conflict in drivers/spi/spi_qsd.c
CONFLICT (content): Merge conflict in drivers/tty/serial/msm_geni_serial.c
CONFLICT (content): Merge conflict in drivers/usb/dwc3/debug_ipc.c
CONFLICT (content): Merge conflict in drivers/usb/dwc3/dwc3-msm.c
CONFLICT (content): Merge conflict in drivers/usb/dwc3/gadget.c
CONFLICT (content): Merge conflict in drivers/usb/gadget/Kconfig
CONFLICT (content): Merge conflict in drivers/usb/gadget/Makefile
CONFLICT (content): Merge conflict in drivers/usb/gadget/composite.c
CONFLICT (content): Merge conflict in drivers/usb/gadget/function/Makefile
CONFLICT (content): Merge conflict in drivers/usb/gadget/function/f_cdev.c
CONFLICT (content): Merge conflict in drivers/usb/phy/phy-msm-qusb-v2.c
CONFLICT (content): Merge conflict in fs/aio.c
CONFLICT (content): Merge conflict in fs/crypto/Kconfig
CONFLICT (content): Merge conflict in fs/exec.c
CONFLICT (content): Merge conflict in fs/f2fs/node.c
CONFLICT (content): Merge conflict in fs/fuse/dir.c
CONFLICT (content): Merge conflict in fs/incfs/main.c
CONFLICT (content): Merge conflict in include/linux/arm-smccc.h
CONFLICT (content): Merge conflict in include/linux/clk/qcom.h
CONFLICT (content): Merge conflict in include/linux/usb_bam.h
CONFLICT (content): Merge conflict in include/net/cfg80211.h
CONFLICT (content): Merge conflict in include/soc/qcom/icnss.h
CONFLICT (content): Merge conflict in include/uapi/asm-generic/ioctls.h
CONFLICT (content): Merge conflict in kernel/sched/core.c
CONFLICT (content): Merge conflict in net/netfilter/xt_qtaguid.c
CONFLICT (content): Merge conflict in net/qrtr/fifo.c
CONFLICT (content): Merge conflict in net/sched/sch_generic.c
CONFLICT (content): Merge conflict in net/sctp/input.c
CONFLICT (content): Merge conflict in net/wireless/scan.c
CONFLICT (content): Merge conflict in net/wireless/util.c
CONFLICT (content): Merge conflict in virt/kvm/arm/psci.c
